2024-04-15T10:41:56.876Z [RTM] [32minfo[39m: Skipping network creation. Observe that all external IO operations will yield a runtime error.
>>> Main thread finished with value: "boolean"@{}%{}
